[Warning] [simulation_app.simulation_app] Modules: ['omni.kit_app'] were loaded before SimulationApp was started and might not be loaded correctly.
[Warning] [simulation_app.simulation_app] Please check to make sure no extra omniverse or pxr modules are imported before the call to SimulationApp(...)
Loading user config located at: '/home/dee/.conda/envs/lab/lib/python3.11/site-packages/omni/data/Kit/Isaac-Sim/5.0/user.config.json'
[Info] [carb] Logging to file: /home/dee/.conda/envs/lab/lib/python3.11/site-packages/omni/logs/Kit/Isaac-Sim/5.0/kit_20251220_175002.log
[0.032s] [ext: omni.kit.async_engine-0.0.3] startup
[0.083s] [ext: omni.metrics.core-0.0.3] startup
[0.084s] [ext: omni.client.lib-1.1.0] startup
[0.093s] [ext: omni.blobkey-1.1.2] startup
[0.093s] [ext: omni.stats-1.0.1] startup
[0.094s] [ext: omni.datastore-0.0.0] startup
[0.097s] [ext: omni.client-1.3.0] startup
[0.101s] [ext: omni.ujitso.default-1.0.0] startup
[0.102s] [ext: omni.hsscclient-1.1.2] startup
[0.104s] [ext: omni.gpu_foundation.shadercache.vulkan-1.0.0] startup
[0.106s] [ext: omni.assets.plugins-0.0.0] startup
[0.107s] [ext: omni.gpu_foundation-0.0.0] startup
[0.111s] [ext: carb.windowing.plugins-1.0.0] startup
[0.116s] [ext: omni.kit.renderer.init-0.0.0] startup

|---------------------------------------------------------------------------------------------|
| Driver Version: 580.95.05     | Graphics API: Vulkan
|=============================================================================================|
| GPU | Name                             | Active | LDA | GPU Memory | Vendor-ID | LUID       |
|     |                                  |        |     |            | Device-ID | UUID       |
|     |                                  |        |     |            | Bus-ID    |            |
|---------------------------------------------------------------------------------------------|
| 0   | NVIDIA GeForce RTX 5080          | Yes: 0 |     | 16549   MB | 10de      | 0          |
|     |                                  |        |     |            | 2c02      | ab88f4af.. |
|     |                                  |        |     |            | 1         |            |
|=============================================================================================|
| OS: 22.04.5 LTS (Jammy Jellyfish) ubuntu, Version: 22.04.5, Kernel: 6.8.0-87-generic
| XServer Vendor: The X.Org Foundation, XServer Version: 12101004 (1.21.1.4)
| Processor: Intel(R) Core(TM) i7-14700K
| Cores: 20 | Logical Cores: 28
|---------------------------------------------------------------------------------------------|
| Total Memory (MB): 63985 | Free Memory: 48170
| Total Page/Swap (MB): 0 | Free Page/Swap: 0
|---------------------------------------------------------------------------------------------|
2025-12-20T09:50:02Z [511ms] [Warning] [gpu.foundation.plugin] CPU performance profile is set to powersave. This profile sets the CPU to the lowest frequency reducing performance.
2025-12-20T09:50:02Z [517ms] [Warning] [gpu.foundation.plugin] IOMMU is enabled.
[0.642s] [ext: omni.materialx.libs-1.0.7] startup
[0.646s] [ext: omni.usd.config-1.0.6] startup
[0.648s] [ext: omni.gpucompute.plugins-0.0.0] startup
[0.649s] [ext: omni.usd.libs-1.0.1] startup
[0.700s] [ext: omni.mdl-56.0.3] startup
[0.754s] [ext: omni.iray.libs-0.0.0] startup
[0.758s] [ext: omni.mdl.neuraylib-0.2.12] startup
[0.760s] [ext: omni.kit.usd.mdl-1.1.4] startup
[0.824s] [ext: omni.kit.telemetry-0.5.2] startup
[0.837s] [ext: omni.kit.pipapi-0.0.0] startup
[0.838s] [ext: omni.kit.loop-isaac-1.3.7] startup
[0.839s] [ext: omni.kit.test-2.0.1] startup
[0.868s] [ext: omni.appwindow-1.1.10] startup
[1.149s] [ext: omni.kit.renderer.core-1.1.0] startup
[4.623s] [ext: omni.kit.renderer.capture-0.0.0] startup
[4.624s] [ext: omni.kit.renderer.imgui-2.0.5] startup
[4.662s] [ext: omni.ui-2.26.18] startup
[4.668s] [ext: omni.kit.mainwindow-1.0.3] startup
[4.669s] [ext: carb.audio-0.1.0] startup
[4.671s] [ext: omni.uiaudio-1.0.0] startup
[4.671s] [ext: omni.kit.uiapp-0.0.0] startup
[4.671s] [ext: omni.usd.schema.metrics.assembler-107.3.1] startup
[4.673s] [ext: omni.usd.schema.audio-0.0.0] startup
[4.675s] [ext: omni.usd_resolver-1.0.0] startup
[4.677s] [ext: omni.usd.core-1.5.3] startup
[4.678s] [ext: omni.usd.schema.render_settings.rtx-0.0.0] startup
[4.692s] [ext: omni.usd.schema.anim-0.0.0] startup
[4.703s] [ext: omni.usd.schema.physx-107.3.18] startup
[4.722s] [ext: isaacsim.robot.schema-3.5.1] startup
[4.727s] [ext: omni.usd.schema.omni_lens_distortion-0.0.0] startup
[4.727s] [ext: omni.usd.schema.omnigraph-1.0.0] startup
[4.730s] [ext: omni.usd.schema.semantics-0.0.0] startup
[4.732s] [ext: omni.usd.schema.geospatial-0.0.0] startup
[4.733s] [ext: omni.kit.window.popup_dialog-2.0.24] startup
[4.736s] [ext: omni.activity.core-1.0.3] startup
[4.737s] [ext: omni.kit.widget.nucleus_connector-2.0.1] startup
[4.738s] [ext: omni.kit.usd_undo-0.1.8] startup
[4.738s] [ext: omni.graph.exec-0.9.6] startup
[4.738s] [ext: omni.kit.actions.core-1.0.0] startup
[4.740s] [ext: usdrt.scenegraph-7.6.1] startup
[4.763s] [ext: omni.resourcemonitor-107.0.1] startup
[4.764s] [ext: omni.kit.exec.core-0.13.4] startup
[4.765s] [ext: omni.timeline-1.0.14] startup
[4.766s] [ext: omni.kit.commands-1.4.10] startup
[4.768s] [ext: omni.kit.audiodeviceenum-1.0.2] startup
[4.769s] [ext: omni.hydra.usdrt_delegate-7.5.1] startup
[4.772s] [ext: omni.hydra.scene_delegate-0.3.4] startup
[4.775s] [ext: omni.usd-1.13.10] startup
2025-12-20T09:50:07Z [4,766ms] [Warning] [omni.usd.audio] failed to subscribe to stage events
[4.788s] [ext: omni.kit.asset_converter-4.1.4] startup
[4.794s] [ext: omni.usd.schema.omniscripting-1.0.0] startup
[4.797s] [ext: omni.usd.schema.omni_sensors-0.0.0] startup
[4.797s] [ext: omni.index.libs-380600.5717.0] startup
[4.797s] [ext: omni.volume-0.5.2] startup
[4.799s] [ext: omni.ujitso.client-0.0.0] startup
[4.799s] [ext: omni.index-1.0.1] startup
[4.799s] [ext: omni.hydra.rtx.shadercache.vulkan-1.0.0] startup
[4.800s] [ext: omni.hydra.rtx-1.0.0] startup
2025-12-20T09:50:07Z [4,795ms] [Warning] [omni.log] Source: omni.hydra was already registered.
[4.820s] [ext: omni.kit.notification_manager-1.0.10] startup
[4.821s] [ext: omni.kit.clipboard-1.0.5] startup
[4.821s] [ext: omni.kit.viewport.legacy_gizmos-1.0.18] startup
[4.823s] [ext: omni.kit.raycast.query-1.1.0] startup
[4.826s] [ext: omni.kit.menu.core-1.1.2] startup
[4.826s] [ext: omni.kit.widget.options_menu-1.1.6] startup
[4.828s] [ext: omni.kit.helper.file_utils-0.1.9] startup
[4.829s] [ext: omni.kit.widget.path_field-2.0.11] startup
[4.829s] [ext: omni.kit.widget.context_menu-1.2.5] startup
[4.830s] [ext: omni.kit.widget.options_button-1.0.3] startup
[4.830s] [ext: omni.kit.widget.filebrowser-2.12.2] startup
[4.833s] [ext: omni.kit.widget.browser_bar-2.0.10] startup
[4.833s] [ext: omni.kit.usd.layers-2.2.10] startup
[4.838s] [ext: omni.ui.scene-1.11.4] startup
[4.840s] [ext: omni.kit.viewport.registry-104.0.6] startup
[4.841s] [ext: omni.kit.window.filepicker-2.13.3] startup
[4.848s] [ext: omni.kit.menu.utils-2.0.3] startup
[4.852s] [ext: omni.kit.context_menu-1.8.6] startup
[4.853s] [ext: omni.kit.viewport.scene_camera_model-1.0.6] startup
[4.855s] [ext: omni.kit.hydra_texture-1.4.5] startup
[4.857s] [ext: omni.kit.window.file_importer-1.1.18] startup
[4.859s] [ext: omni.kit.widget.searchable_combobox-1.0.6] startup
[4.859s] [ext: omni.kit.window.drop_support-1.0.5] startup
[4.859s] [ext: omni.kit.widget.viewport-107.1.3] startup
[4.861s] [ext: omni.kit.material.library-2.0.7] startup
[4.864s] [ext: omni.hydra.engine.stats-1.0.3] startup
[4.865s] [ext: omni.kit.widget.settings-1.2.3] startup
[4.866s] [ext: omni.kit.viewport.window-107.0.12] startup
[4.874s] [ext: omni.kit.window.preferences-1.8.0] startup
[4.878s] [ext: omni.kit.widget.toolbar-2.0.1] startup
[4.880s] [ext: omni.kit.viewport.utility-1.1.2] startup
[4.881s] [ext: omni.kit.manipulator.transform-107.0.0] startup
[4.883s] [ext: omni.kit.manipulator.tool.snap-1.5.13] startup
[4.885s] [ext: omni.kit.manipulator.selector-1.1.3] startup
[4.885s] [ext: omni.kit.viewport.manipulator.transform-107.0.4] startup
[4.886s] [ext: omni.kit.manipulator.viewport-107.0.1] startup
[4.887s] [ext: omni.kit.primitive.mesh-1.0.17] startup
[4.888s] [ext: omni.kit.manipulator.prim.core-107.0.8] startup
[4.892s] [ext: omni.fabric.commands-1.1.6] startup
[4.893s] [ext: omni.kit.manipulator.prim.usd-107.0.3] startup
[4.894s] [ext: omni.kit.manipulator.prim.fabric-107.0.4] startup
[4.894s] [ext: omni.debugdraw-0.1.4] startup
[4.896s] [ext: omni.kit.property.adapter.core-1.0.2] startup
[4.897s] [ext: omni.kit.manipulator.prim-107.0.0] startup
[4.897s] [ext: omni.usdphysics-107.3.18] startup
[4.899s] [ext: omni.kit.manipulator.selection-106.0.1] startup
[4.899s] [ext: omni.kit.hotkeys.core-1.3.10] startup
[4.900s] [ext: omni.kit.property.adapter.usd-1.0.2] startup
[4.901s] [ext: omni.kit.widget.searchfield-1.1.8] startup
[4.901s] [ext: omni.kit.widget.filter-1.1.4] startup
[4.902s] [ext: omni.kit.property.adapter.fabric-1.0.3] startup
[4.902s] [ext: omni.kit.widget.highlight_label-1.0.3] startup
[4.902s] [ext: omni.kit.window.file_exporter-1.0.33] startup
[4.903s] [ext: omni.kit.stage_template.core-1.1.22] startup
[4.903s] [ext: omni.kit.widget.stage-3.1.4] startup
[4.910s] [ext: omni.kit.widget.prompt-1.0.7] startup
[4.910s] [ext: omni.kit.window.property-1.12.1] startup
[4.912s] [ext: omni.kvdb-107.3.18] startup
[4.912s] [ext: omni.kit.window.file-2.0.5] startup
[4.914s] [ext: omni.kit.window.content_browser_registry-0.0.6] startup
[4.915s] [ext: omni.kit.viewport.menubar.core-107.1.5] startup
[4.922s] [ext: omni.kit.viewport.actions-107.0.2] startup
[4.924s] [ext: omni.kit.window.content_browser-3.1.1] startup
[4.931s] [ext: omni.kit.viewport.menubar.display-107.0.3] startup
[4.932s] [ext: omni.kit.widget.layers-1.8.6] startup
[4.938s] [ext: omni.kit.property.usd-4.5.11] startup
[4.944s] [ext: omni.physx.foundation-107.3.18] startup
[4.945s] [ext: omni.localcache-107.3.18] startup
[4.946s] [ext: omni.convexdecomposition-107.3.18] startup
[4.947s] [ext: omni.usdphysics.ui-107.3.18] startup
[4.963s] [ext: omni.physx.cooking-107.3.18] startup
[4.965s] [ext: omni.usd.metrics.assembler-107.3.1] startup
[4.968s] [ext: omni.physx-107.3.18] startup
[4.973s] [ext: omni.physics-107.3.18] startup
[4.974s] [ext: omni.physx.commands-107.3.18] startup
[4.977s] [ext: omni.physics.stageupdate-107.3.18] startup
[4.978s] [ext: omni.inspect-1.0.2] startup
[4.979s] [ext: omni.physx.ui-107.3.18] startup
[4.997s] [ext: omni.graph.core-2.184.3] startup
[4.999s] [ext: omni.physics.physx-107.3.18] startup
[5.000s] [ext: isaacsim.core.deprecation_manager-0.2.7] startup
[5.000s] [ext: omni.physics.tensors-107.3.18] startup
[5.003s] [ext: omni.kit.numpy.common-0.1.2] startup
[5.004s] [ext: isaacsim.core.version-2.0.6] startup
[5.004s] [ext: omni.warp.core-1.7.1] startup
[5.101s] [ext: omni.usd.metrics.assembler.physics-107.3.18] startup
[5.102s] [ext: omni.isaac.dynamic_control-2.0.7] startup
2025-12-20T09:50:07Z [5,089ms] [Warning] [omni.isaac.dynamic_control] omni.isaac.dynamic_control is deprecated as of Isaac Sim 4.5. No action is needed from end-users.
[5.106s] [ext: isaacsim.storage.native-1.2.8] startup
[5.106s] [ext: isaacsim.core.utils-3.4.5] startup
[5.108s] [ext: omni.graph.tools-1.79.2] startup
[5.120s] [ext: omni.graph.action_core-1.1.7] startup
[5.121s] [ext: omni.graph-1.141.2] startup
[5.144s] [ext: omni.physx.tensors-107.3.18] startup
[5.147s] [ext: omni.graph.action_nodes-1.50.4] startup
[5.149s] [ext: isaacsim.core.simulation_manager-1.3.2] startup
[6.531s] [ext: omni.kit.usd.collect-2.4.5] startup
[6.534s] [ext: omni.kit.stage_templates-2.0.0] startup
[6.536s] [ext: isaacsim.core.prims-0.5.1] startup
[6.545s] [ext: omni.kit.usdz_export-1.0.9] startup
[6.548s] [ext: isaacsim.core.api-4.6.10] startup
[6.552s] [ext: omni.kit.tool.asset_importer-4.3.2] startup
[6.556s] [ext: omni.graph.action-1.130.0] startup
[6.557s] [ext: omni.kit.selection-0.1.6] startup
[6.558s] [ext: omni.ui_query-1.1.8] startup
[6.559s] [ext: omni.kit.stagerecorder.core-107.0.3] startup
[6.561s] [ext: omni.kit.widget.text_editor-1.1.1] startup
[6.562s] [ext: omni.kit.ui_test-1.3.6] startup
[6.563s] [ext: omni.Warp CUDA error: Failed to get driver entry point 'cuDeviceGetUuid' (CUDA error 1)
Warp CUDA error: Function cuDeviceGetUuid_f: a suitable driver entry point was not found
Warp CUDA error 36: API call is not supported in the installed CUDA driver (in function cuda_init, /builds/omniverse/warp/warp/native/warp.cu:277)
kit.stagerecorder.ui-107.0.1] startup
[6.565s] [ext: omni.kit.window.extensions-1.4.26] startup
[6.569s] [ext: omni.graph.visualization.nodes-2.1.3] startup
[6.574s] [ext: omni.kit.stagerecorder.bundle-105.0.2] startup
[6.575s] [ext: isaacsim.gui.components-1.1.9] startup
[6.580s] [ext: isaacsim.gui.menu-2.3.17] startup
[7.202s] [ext: isaacsim.app.about-2.0.11] startup
[7.204s] [ext: isaacsim.asset.importer.mjcf-2.5.8] startup
[7.231s] [ext: semantics.schema.editor-2.0.1] startup
2025-12-20T09:50:09Z [7,218ms] [Warning] [pxr.Semantics] pxr.Semantics is deprecated - please use Semantics instead
[7.235s] [ext: semantics.schema.property-2.0.1] startup
[7.237s] [ext: isaacsim.core.cloner-1.4.9] startup
[7.238s] [ext: omni.graph.image.core-0.6.1] startup
[7.239s] [ext: omni.kit.widget.stage_icons-1.0.8] startup
[7.239s] [ext: omni.graph.image.nodes-1.3.1] startup
[7.240s] [ext: omni.kit.window.stage-2.6.1] startup
[7.242s] [ext: omni.kit.widget.graph-2.0.0] startup
[7.246s] [ext: omni.kit.menu.create-2.0.1] startup
[7.247s] [ext: omni.syntheticdata-0.6.13] startup
[7.264s] [ext: isaacsim.util.debug_draw-3.1.0] startup
[7.266s] [ext: omni.kit.graph.delegate.default-1.2.2] startup
[7.268s] [ext: omni.kit.scripting-107.3.1] startup
[7.273s] [ext: isaacsim.sensors.physx-2.2.27] startup
[7.280s] [ext: omni.kit.graph.editor.core-1.5.3] startup
[7.285s] [ext: omni.kit.graph.usd.commands-1.3.1] startup
[7.287s] [ext: omni.kit.widget.material_preview-1.0.16] startup
[7.288s] [ext: isaacsim.replicator.behavior-1.1.14] startup
[7.289s] [ext: isaacsim.simulation_app-2.9.2] startup
[7.290s] [ext: omni.anim.curve.core-1.3.1] startup
[7.296s] [ext: omni.graph.scriptnode-1.50.0] startup
[7.297s] [ext: omni.kit.window.material_graph-1.8.23] startup
[7.314s] [ext: omni.sensors.nv.common-2.7.0-coreapi] startup
[7.320s] [ext: omni.kit.viewport.menubar.settings-107.0.3] startup
[7.322s] [ext: omni.graph.nodes-1.170.10] startup
[7.328s] [ext: omni.graph.ui_nodes-1.50.5] startup
[7.330s] [ext: omni.sensors.net-0.4.0-coreapi] startup
[7.332s] [ext: omni.sensors.nv.materials-1.6.0-coreapi] startup
[7.335s] [ext: omni.videoencoding-0.1.2] startup
[7.337s] [ext: omni.sensors.nv.wpm-2.5.0-coreapi] startup
[7.338s] [ext: omni.warp-1.7.1] startup
[7.341s] [ext: omni.kit.manipulator.camera-106.0.4] startup
[7.346s] [ext: omni.sensors.nv.ids-1.5.0-coreapi] startup
[7.348s] [ext: omni.sensors.nv.lidar-2.7.0-coreapi] startup
[7.353s] [ext: omni.sensors.nv.radar-2.8.0-coreapi] startup
[7.373s] [ext: omni.replicator.core-1.12.16] startup
2025-12-20T09:50:09Z [7,459ms] [Warning] [omni.replicator.core.scripts.extension] No material configuration file, adding configuration to material settings directly.
[7.476s] [ext: omni.kit.property.audio-1.0.16] startup
[7.479s] [ext: omni.kit.property.camera-1.0.10] startup
[7.481s] [ext: omni.kit.property.light-1.0.12] startup
[7.488s] [ext: omni.kit.property.geometry-2.0.4] startup
[7.493s] [ext: isaacsim.core.nodes-3.2.16] startup
[7.509s] [ext: isaacsim.gui.property-1.1.3] startup
[7.514s] [ext: omni.kit.property.render-1.2.1] startup
[7.517s] [ext: omni.hydra.scene_api-0.1.2] startup
[7.525s] [ext: isaacsim.test.docstring-1.1.0] startup
[7.534s] [ext: isaacsim.core.experimental.utils-0.2.0] startup
[7.544s] [ext: omni.kit.widget.zoombar-1.0.6] startup
[7.548s] [ext: omni.kit.property.transform-1.5.12] startup
[7.556s] [ext: omni.kit.property.material-1.11.9] startup
[7.582s] [ext: isaacsim.core.experimental.prims-0.6.2] startup
[7.698s] [ext: omni.kit.browser.core-2.3.13] startup
[7.738s] [ext: omni.kit.property.bundle-1.4.1] startup
[7.739s] [ext: isaacsim.sensors.rtx-15.5.0] startup
[7.744s] [ext: omni.kit.viewport.menubar.camera-107.0.3] startup
[7.752s] [ext: isaacsim.robot.surface_gripper-3.2.6] startup
[7.754s] [ext: omni.kit.browser.folder.core-1.10.9] startup
[7.763s] [ext: isaacsim.sensors.physics-0.3.27] startup
[7.766s] [ext: omni.kit.tool.collect-2.2.18] startup
[7.769s] [ext: omni.kit.menu.stage-1.2.7] startup
[7.770s] [ext: isaacsim.robot.manipulators-3.3.5] startup
[7.773s] [ext: omni.kit.viewport.menubar.lighting-107.3.1] startup
[7.779s] [ext: omni.kit.viewport.menubar.render-107.0.9] startup
[7.784s] [ext: isaacsim.robot.policy.examples-4.1.11] startup
[7.786s] [ext: isaacsim.examples.browser-0.1.12] startup
[7.790s] [ext: isaacsim.asset.importer.urdf-2.4.19] startup
[7.812s] [ext: omni.kit.window.console-1.1.4] startup
[7.817s] [ext: omni.physx.demos-107.3.18] startup
[7.835s] [ext: omni.kit.property.physx-107.3.18] startup
[7.849s] [ext: omni.rtx.window.settings-0.6.19] startup
[7.853s] [ext: omni.ocio-0.1.1] startup
[7.855s] [ext: omni.replicator.replicator_yaml-2.0.11] startup
[7.864s] [ext: omni.asset_validator.core-0.25.4] startup
[7.894s] [ext: omni.physx.vehicle-107.3.18] startup
[7.906s] [ext: omni.rtx.settings.core-0.6.5] startup
[7.908s] [ext: omni.kit.window.script_editor-2.0.1] startup
[7.911s] [ext: isaacsim.robot.wheeled_robots-4.0.23] startup
[7.914s] [ext: omni.kit.window.toolbar-2.0.0] startup
[7.919s] [ext: omni.physx.asset_validator-107.3.18] startup
[7.925s] [ext: omni.physx.camera-107.3.18] startup
[7.936s] [ext: omni.physx.cct-107.3.18] startup
[7.946s] [ext: omni.physx.graph-107.3.18] startup
[7.960s] [ext: omni.physx.supportui-107.3.18] startup
[7.972s] [ext: omni.physx.telemetry-107.3.18] startup
[7.974s] [ext: omni.kit.window.status_bar-0.1.8] startup
[7.978s] [ext: omni.usd.metrics.assembler.ui-107.3.1] startup
[7.993s] [ext: isaacsim.asset.browser-1.3.19] startup
[7.995s] [ext: isaacsim.core.throttling-2.1.10] startup
[7.997s] [ext: omni.kit.ui.actions-1.0.5] startup
[7.999s] [ext: omni.physx.bundle-107.3.18] startup
[7.999s] [ext: isaacsim.sensors.camera-1.3.1] startup
[8.003s] [ext: isaaclab-0.44.9] startup
[8.145s] [ext: isaaclab_assets-0.2.2] startup
[8.299s] [ext: isaaclab_tasks-0.10.45] startup
[9.264s] [ext: omni.kit.menu.common-2.0.0] startup
[9.265s] [ext: isaaclab_rl-0.2.3] startup
[9.266s] [ext: isaaclab_mimic-1.0.12] startup
[9.266s] [ext: isaaclab.python-2.2.0] startup
[9.268s] Simulation App Starting
2025-12-20T09:50:11Z [9,483ms] [Warning] [omni.kvdb.plugin] Disabling key-value database because another kit process is locking it
2025-12-20T09:50:11Z [9,484ms] [Warning] [usdrt.population.plugin] using high frequency span is disabled
2025-12-20T09:50:11Z [9,499ms] [Warning] [omni.fabric.plugin] Warning: attribute viewportHandle not found for bucket id 9

2025-12-20T09:50:11Z [9,571ms] [Warning] [carb] Acquiring non optional plugin interface which is not listed as dependency: [carb::dictionary::ISerializer v1.1] (plugin: carb.dictionary.serializer-json.plugin), by client: carb.scenerenderer-rtx.plugin. Add it to CARB_PLUGIN_IMPL_DEPS() macro of a client.
[9.912s] app ready
[INFO][AppLauncher]: Using device: cuda:0
[INFO][AppLauncher]: Loading experience file: /home/dee/.conda/envs/lab/lib/python3.11/site-packages/isaaclab/apps/isaaclab.python.kit
[INFO]: Parsing configuration from: <class 'bipedal_locomotion.tasks.locomotion.robots.limx_pointfoot_env_cfg.PFBlindRoughEnvCfg_ROBUST_PLAY'>
[INFO]: Parsing configuration from: PF_TRON1AFlatPPORunnerCfg(seed=42, device='cuda:0', num_steps_per_env=24, max_iterations=3000, empirical_normalization=False, policy=RslRlPpoActorCriticCfg(class_name='ActorCritic', init_noise_std=1.0, noise_std_type='scalar', actor_hidden_dims=[512, 256, 128], critic_hidden_dims=[512, 256, 128], activation='elu'), algorithm=RslRlPpoAlgorithmMlpCfg(class_name='PPO', num_learning_epochs=5, num_mini_batches=4, learning_rate=0.001, schedule='adaptive', gamma=0.99, lam=0.95, entropy_coef=0.01, desired_kl=0.01, max_grad_norm=1.0, value_loss_coef=1.0, use_clipped_value_loss=True, clip_param=0.2, normalize_advantage_per_mini_batch=False, symmetry_cfg=None, rnd_cfg=None, obs_history_len=10), clip_actions=None, save_interval=200, experiment_name='pf_tron_1a_flat', run_name='', logger='tensorboard', neptune_project='isaaclab', wandb_project='isaaclab', resume=False, load_run='.*', load_checkpoint='model_.*.pt', encoder=EncoderCfg(output_detach=True, num_input_dim=<dataclasses._MISSING_TYPE object at 0x7fc22030da90>, num_output_dim=3, hidden_dims=[256, 128], activation='elu', orthogonal_init=False))
[INFO] Loading experiment from directory: /home/dee/limxtron1lab_CLEAN/limxtron1lab-main/logs/rsl_rl/pf_tron_1a_flat
Setting seed: 42
[INFO]: Base environment:
	Environment device    : cuda:0
	Environment seed      : 42
	Physics step-size     : 0.005
	Rendering step-size   : 0.04
	Environment step-size : 0.02
[INFO] Generating terrains randomly took : 0.148705 seconds
[INFO]: Time taken for scene creation : 0.322051 seconds
[INFO]: Scene manager:  <class InteractiveScene>
	Number of environments: 1
	Environment spacing   : 2.5
	Source prim name      : /World/envs/env_0
	Global prim paths     : ['/World/ground']
	Replicate physics     : True
[INFO]: Starting the simulation. This may take a few seconds. Please wait...
[INFO]: Time taken for simulation start : 2.523089 seconds
[INFO] Command Manager:  <CommandManager> contains 2 active terms.
+------------------------------------------------+
|              Active Command Terms              |
+-------+---------------+------------------------+
| Index | Name          |          Type          |
+-------+---------------+------------------------+
|   0   | base_velocity | UniformVelocityCommand |
|   1   | gait_command  |      GaitCommand       |
+-------+---------------+------------------------+

[INFO] Event Manager:  <EventManager> contains 3 active terms.
+-------------------------------------------+
|   Active Event Terms in Mode: 'startup'   |
+-------+-----------------------------------+
| Index | Name                              |
+-------+-----------------------------------+
|   0   | add_link_mass                     |
|   1   | radomize_rigid_body_mass_inertia  |
|   2   | robot_physics_material            |
|   3   | robot_joint_stiffness_and_damping |
|   4   | robot_center_of_mass              |
+-------+-----------------------------------+
+-------------------------------------+
| Active Event Terms in Mode: 'reset' |
+---------+---------------------------+
|  Index  | Name                      |
+---------+---------------------------+
|    0    | reset_robot_base          |
|    1    | reset_robot_joints        |
+---------+---------------------------+
+----------------------------------------------+
|    Active Event Terms in Mode: 'interval'    |
+-------+------------+-------------------------+
| Index | Name       | Interval time range (s) |
+-------+------------+-------------------------+
|   0   | push_robot |        (0.8, 2.0)       |
+-------+------------+-------------------------+

[INFO] Recorder Manager:  <RecorderManager> contains 0 active terms.
+---------------------+
| Active Recorder Terms |
+-----------+---------+
|   Index   | Name    |
+-----------+---------+
+-----------+---------+

[INFO] Action Manager:  <ActionManager> contains 1 active terms.
+----------------------------------+
|  Active Action Terms (shape: 6)  |
+--------+------------+------------+
| Index  | Name       |  Dimension |
+--------+------------+------------+
|   0    | joint_pos  |          6 |
+--------+------------+------------+

[INFO] Observation Manager: <ObservationManager> contains 4 groups.
+-------------------------------------------------------+
| Active Observation Terms in Group: 'policy' (shape: (30,)) |
+-------------+---------------------------+-------------+
|    Index    | Name                      |    Shape    |
+-------------+---------------------------+-------------+
|      0      | base_ang_vel              |     (3,)    |
|      1      | proj_gravity              |     (3,)    |
|      2      | joint_pos                 |     (6,)    |
|      3      | joint_vel                 |     (6,)    |
|      4      | last_action               |     (6,)    |
|      5      | gait_phase                |     (2,)    |
|      6      | gait_command              |     (4,)    |
+-------------+---------------------------+-------------+
+-------------------------------------------------------------+
| Active Observation Terms in Group: 'critic' (shape: (360,)) |
+----------+--------------------------------------+-----------+
|  Index   | Name                                 |   Shape   |
+----------+--------------------------------------+-----------+
|    0     | base_lin_vel                         |    (3,)   |
|    1     | base_ang_vel                         |    (3,)   |
|    2     | proj_gravity                         |    (3,)   |
|    3     | joint_pos                            |    (6,)   |
|    4     | joint_vel                            |    (6,)   |
|    5     | last_action                          |    (6,)   |
|    6     | gait_phase                           |    (2,)   |
|    7     | gait_command                         |    (4,)   |
|    8     | robot_joint_torque                   |    (6,)   |
|    9     | robot_joint_acc                      |    (6,)   |
|    10    | robot_feet_contact_force             |   (144,)  |
|    11    | robot_mass                           |   (12,)   |
|    12    | robot_inertia                        |   (108,)  |
|    13    | robot_joint_stiffness                |    (6,)   |
|    14    | robot_joint_damping                  |    (6,)   |
|    15    | robot_pos                            |    (3,)   |
|    16    | robot_vel                            |    (6,)   |
|    17    | robot_material_propertirs            |   (27,)   |
|    18    | robot_base_pose                      |    (3,)   |
+----------+--------------------------------------+-----------+
+---------------------------------------------------------+
| Active Observation Terms in Group: 'commands' (shape: (3,)) |
+-----------+---------------------------------+-----------+
|   Index   | Name                            |   Shape   |
+-----------+---------------------------------+-----------+
|     0     | velocity_commands               |    (3,)   |
+-----------+---------------------------------+-----------+
+-------------------------------------------------------------+
| Active Observation Terms in Group: 'obsHistory' (shape: (10, 30)) |
+-------------+----------------------------+------------------+
|    Index    | Name                       |      Shape       |
+-------------+----------------------------+------------------+
|      0      | base_ang_vel               |     (10, 3)      |
|      1      | proj_gravity               |     (10, 3)      |
|      2      | joint_pos                  |     (10, 6)      |
|      3      | joint_vel                  |     (10, 6)      |
|      4      | last_action                |     (10, 6)      |
|      5      | gait_phase                 |     (10, 2)      |
|      6      | gait_command               |     (10, 4)      |
+-------------+----------------------------+------------------+

[INFO] Termination Manager: 2025-12-20T09:50:13Z [11,329ms] [Warning] [usdrt.hydra.fabric_scene_delegate.plugin] using high frequency span is disabled
2025-12-20T09:50:13Z [11,329ms] [Warning] [usdrt.hydra.fabric_scene_delegate.plugin] using high frequency span is disabled
2025-12-20T09:50:13Z [11,329ms] [Warning] [usdrt.hydra.fabric_scene_delegate.plugin] using high frequency span with attrs is disabled
2025-12-20T09:50:13Z [11,443ms] [Warning] [usdrt.hydra.fabric_scene_delegate.plugin] using high frequency span is disabled
2025-12-20T09:50:13Z [11,443ms] [Warning] [usdrt.hydra.fabric_scene_delegate.plugin] using high frequency span is disabled
[11.682s] Simulation App Startup Complete
[12.188s] [ext: omni.physx.fabric-107.3.18] startup
2025-12-20T09:50:16Z [14,246ms] [Warning] [isaaclab.actuators.actuator_pd] The <ImplicitActuatorCfg> object has a value for 'effort_limit'. This parameter will be removed in the future. To set the effort limit, please use 'effort_limit_sim' instead.
2025-12-20T09:50:16Z [14,246ms] [Warning] [isaaclab.actuators.actuator_pd] The <ImplicitActuatorCfg> object has a value for 'velocity_limit'. Previously, although this value was specified, it was not getting used by implicit actuators. Since this parameter affects the simulation behavior, we continue to not use it. This parameter will be removed in the future. To set the velocity limit, please use 'velocity_limit_sim' instead.
2025-12-20T09:50:16Z [14,308ms] [Warning] [usdrt.hydra.fabric_scene_delegate.plugin] using high frequency span with attrs is disabled
2025-12-20T09:50:16Z [14,317ms] [Warning] [usdrt.hydra.fabric_scene_delegate.plugin] using high frequency span with attrs is disabled
2025-12-20T09:50:16Z [14,318ms] [Warning] [omni.fabric.plugin] getAttributeCount called on non-existent path /World/envs/env_0/Robot/foot_R_Link/collisions/mesh_0
2025-12-20T09:50:16Z [14,318ms] [Warning] [omni.fabric.plugin] getTypes called on non-existent path /World/envs/env_0/Robot/foot_R_Link/collisions/mesh_0
2025-12-20T09:50:17Z [15,406ms] [Warning] [omni.physx.fabric.plugin] FabricManager::initializePointInstancer mismatched prototypes on point instancer: /Visuals/Command/velocity_goal.
2025-12-20T09:50:17Z [15,406ms] [Warning] [omni.physx.fabric.plugin] FabricManager::initializePointInstancer mismatched prototypes on point instancer: /Visuals/Command/velocity_current.
Exported graph: graph(%mlp_input : Float(36, strides=[1], requires_grad=0, device=cpu),
      %0.bias : Float(512, strides=[1], requires_grad=1, device=cpu),
      %2.bias : Float(256, strides=[1], requires_grad=1, device=cpu),
      %4.bias : Float(128, strides=[1], requires_grad=1, device=cpu),
      %6.bias : Float(6, strides=[1], requires_grad=1, device=cpu),
      %onnx::MatMul_24 : Float(36, 512, strides=[1, 36], requires_grad=0, device=cpu),
      %onnx::MatMul_25 : Float(512, 256, strides=[1, 512], requires_grad=0, device=cpu),
      %onnx::MatMul_26 : Float(256, 128, strides=[1, 256], requires_grad=0, device=cpu),
      %onnx::MatMul_27 : Float(128, 6, strides=[1, 128], requires_grad=0, device=cpu)):
  %/0/MatMul_output_0 : Float(512, strides=[1], device=cpu) = onnx::MatMul[onnx_name="/0/MatMul"](%mlp_input, %onnx::MatMul_24), scope: torch.nn.modules.container.Sequential::/torch.nn.modules.linear.Linear::0 # /home/dee/.conda/envs/lab/lib/python3.11/site-packages/torch/nn/modules/linear.py:125:0
  %/0/Add_output_0 : Float(512, strides=[1], requires_grad=1, device=cpu) = onnx::Add[onnx_name="/0/Add"](%0.bias, %/0/MatMul_output_0), scope: torch.nn.modules.container.Sequential::/torch.nn.modules.linear.Linear::0 # /home/dee/.conda/envs/lab/lib/python3.11/site-packages/torch/nn/modules/linear.py:125:0
  %/1/Elu_output_0 : Float(512, strides=[1], requires_grad=1, device=cpu) = onnx::Elu[alpha=1., onnx_name="/1/Elu"](%/0/Add_output_0), scope: torch.nn.modules.container.Sequential::/torch.nn.modules.activation.ELU::1 # /home/dee/.conda/envs/lab/lib/python3.11/site-packages/torch/nn/functional.py:1806:0
  %/2/MatMul_output_0 : Float(256, strides=[1], device=cpu) = onnx::MatMul[onnx_name="/2/MatMul"](%/1/Elu_output_0, %onnx::MatMul_25), scope: torch.nn.modules.container.Sequential::/torch.nn.modules.linear.Linear::2 # /home/dee/.conda/envs/lab/lib/python3.11/site-packages/torch/nn/modules/linear.py:125:0
  %/2/Add_output_0 : Float(256, strides=[1], requires_grad=1, device=cpu) = onnx::Add[onnx_name="/2/Add"](%2.bias, %/2/MatMul_output_0), scope: torch.nn.modules.container.Sequential::/torch.nn.modules.linear.Linear::2 # /home/dee/.conda/envs/lab/lib/python3.11/site-packages/torch/nn/modules/linear.py:125:0
  %/1_1/Elu_output_0 : Float(256, strides=[1], requires_grad=1, device=cpu) = onnx::Elu[alpha=1., onnx_name="/1_1/Elu"](%/2/Add_output_0), scope: torch.nn.modules.container.Sequential::/torch.nn.modules.activation.ELU::1 # /home/dee/.conda/envs/lab/lib/python3.11/site-packages/torch/nn/functional.py:1806:0
  %/4/MatMul_output_0 : Float(128, strides=[1], device=cpu) = onnx::MatMul[onnx_name="/4/MatMul"](%/1_1/Elu_output_0, %onnx::MatMul_26), scope: torch.nn.modules.container.Sequential::/torch.nn.modules.linear.Linear::4 # /home/dee/.conda/envs/lab/lib/python3.11/site-packages/torch/nn/modules/linear.py:125:0
  %/4/Add_output_0 : Float(128, strides=[1], requires_grad=1, device=cpu) = onnx::Add[onnx_name="/4/Add"](%4.bias, %/4/MatMul_output_0), scope: torch.nn.modules.container.Sequential::/torch.nn.modules.linear.Linear::4 # /home/dee/.conda/envs/lab/lib/python3.11/site-packages/torch/nn/modules/linear.py:125:0
  %/1_2/Elu_output_0 : Float(128, strides=[1], requires_grad=1, device=cpu) = onnx::Elu[alpha=1., onnx_name="/1_2/Elu"](%/4/Add_output_0), scope: torch.nn.modules.container.Sequential::/torch.nn.modules.activation.ELU::1 # /home/dee/.conda/envs/lab/lib/python3.11/site-packages/torch/nn/functional.py:1806:0
  %/6/MatMul_output_0 : Float(6, strides=[1], device=cpu) = onnx::MatMul[onnx_name="/6/MatMul"](%/1_2/Elu_output_0, %onnx::MatMul_27), scope: torch.nn.modules.container.Sequential::/torch.nn.modules.linear.Linear::6 # /home/dee/.conda/envs/lab/lib/python3.11/site-packages/torch/nn/modules/linear.py:125:0
  %mlp_output : Float(6, strides=[1], requires_grad=1, device=cpu) = onnx::Add[onnx_name="/6/Add"](%6.bias, %/6/MatMul_output_0), scope: torch.nn.modules.container.Sequential::/torch.nn.modules.linear.Linear::6 # /home/dee/.conda/envs/lab/lib/python3.11/site-packages/torch/nn/modules/linear.py:125:0
  return (%mlp_output)

Exported graph: graph(%mlp_input : Float(300, strides=[1], requires_grad=0, device=cpu),
      %encoder.0.bias : Float(256, strides=[1], requires_grad=1, device=cpu),
      %encoder.2.bias : Float(128, strides=[1], requires_grad=1, device=cpu),
      %encoder.4.bias : Float(3, strides=[1], requires_grad=1, device=cpu),
      %onnx::MatMul_18 : Float(300, 256, strides=[1, 300], requires_grad=0, device=cpu),
      %onnx::MatMul_19 : Float(256, 128, strides=[1, 256], requires_grad=0, device=cpu),
      %onnx::MatMul_20 : Float(128, 3, strides=[1, 128], requires_grad=0, device=cpu)):
  %/encoder/encoder.0/MatMul_output_0 : Float(256, strides=[1], device=cpu) = onnx::MatMul[onnx_name="/encoder/encoder.0/MatMul"](%mlp_input, %onnx::MatMul_18), scope: rsl_rl.modules.mlp_encoder.MLP_Encoder::/torch.nn.modules.container.Sequential::encoder/torch.nn.modules.linear.Linear::encoder.0 # /home/dee/.conda/envs/lab/lib/python3.11/site-packages/torch/nn/modules/linear.py:125:0
  %/encoder/encoder.0/Add_output_0 : Float(256, strides=[1], requires_grad=1, device=cpu) = onnx::Add[onnx_name="/encoder/encoder.0/Add"](%encoder.0.bias, %/encoder/encoder.0/MatMul_output_0), scope: rsl_rl.modules.mlp_encoder.MLP_Encoder::/torch.nn.modules.container.Sequential::encoder/torch.nn.modules.linear.Linear::encoder.0 # /home/dee/.conda/envs/lab/lib/python3.11/site-packages/torch/nn/modules/linear.py:125:0
  %/encoder/encoder.1/Elu_output_0 : Float(256, strides=[1], requires_grad=1, device=cpu) = onnx::Elu[alpha=1., onnx_name="/encoder/encoder.1/Elu"](%/encoder/encoder.0/Add_output_0), scope: rsl_rl.modules.mlp_encoder.MLP_Encoder::/torch.nn.modules.container.Sequential::encoder/torch.nn.modules.activation.ELU::encoder.1 # /home/dee/.